// Jest Snapshot v1, https://goo.gl/fbAQLP

exports[`CurrencyConverter component should match a snapshot 1`] = `
<div
  className="MuiBox-root css-0"
  data-testid="currency-converter-component"
>
  <div
    className="MuiBox-root css-c8c7jl"
  >
    <h2
      className="MuiTypography-root MuiTypography-h2 css-1oqg8so-MuiTypography-root"
    >
      Currency Converter
    </h2>
    <form
      action="#"
      onReset={[Function]}
      onSubmit={[Function]}
    >
      <div
        className="MuiGrid-root MuiGrid-container css-k90tw8-MuiGrid-root"
      >
        <div
          className="MuiGrid-root MuiGrid-container css-17ifb59-MuiGrid-root"
        >
          <div
            className="MuiGrid-root MuiGrid-container css-11lq3yg-MuiGrid-root"
          >
            <div
              className="MuiGrid-root MuiGrid-item css-v78lst-MuiGrid-root"
            >
              <div
                className="MuiInputBase-root MuiInput-root MuiInput-underline MuiInputBase-colorPrimary css-1egh1qi-MuiInputBase-root-MuiInput-root"
                onClick={[Function]}
              >
                <input
                  className="MuiInputBase-input MuiInput-input css-1x51dt5-MuiInputBase-input-MuiInput-input"
                  name="baseCurrencyAmount"
                  onAnimationStart={[Function]}
                  onBlur={[Function]}
                  onChange={[Function]}
                  onFocus={[Function]}
                  placeholder="Type in amount of currency to convert from"
                  type="number"
                  value={0}
                />
              </div>
            </div>
          </div>
          <div
            className="MuiGrid-root MuiGrid-item css-13i4rnv-MuiGrid-root"
          >
            <div
              aria-owns={null}
              className="MuiAutocomplete-root MuiAutocomplete-hasClearIcon MuiAutocomplete-hasPopupIcon css-1h51icj-MuiAutocomplete-root"
              name="baseCurrency"
              onBlur={[Function]}
              onClick={[Function]}
              onKeyDown={[Function]}
              onMouseDown={[Function]}
            >
              <div
                className="MuiFormControl-root MuiFormControl-fullWidth MuiTextField-root css-1mnimye-MuiFormControl-root-MuiTextField-root"
              >
                <label
                  className="MuiFormLabel-root MuiInputLabel-root MuiInputLabel-formControl MuiInputLabel-animated MuiInputLabel-sizeMedium MuiInputLabel-outlined MuiFormLabel-colorPrimary MuiInputLabel-root MuiInputLabel-formControl MuiInputLabel-animated MuiInputLabel-sizeMedium MuiInputLabel-outlined css-14s5rfu-MuiFormLabel-root-MuiInputLabel-root"
                  data-shrink={false}
                  htmlFor=":r0:"
                  id=":r0:-label"
                >
                  Choose Currency To Convert From
                </label>
                <div
                  className="MuiInputBase-root MuiOutlinedInput-root MuiInputBase-colorPrimary MuiInputBase-fullWidth MuiInputBase-formControl MuiInputBase-adornedEnd MuiAutocomplete-inputRoot css-154xyx0-MuiInputBase-root-MuiOutlinedInput-root"
                  onClick={[Function]}
                >
                  <input
                    aria-activedescendant={null}
                    aria-autocomplete="list"
                    aria-expanded={false}
                    aria-invalid={false}
                    autoCapitalize="none"
                    autoComplete="off"
                    autoFocus={false}
                    className="MuiInputBase-input MuiOutlinedInput-input MuiInputBase-inputAdornedEnd MuiAutocomplete-input MuiAutocomplete-inputFocused css-nxo287-MuiInputBase-input-MuiOutlinedInput-input"
                    id=":r0:"
                    onAnimationStart={[Function]}
                    onBlur={[Function]}
                    onChange={[Function]}
                    onFocus={[Function]}
                    onMouseDown={[Function]}
                    readOnly={false}
                    required={false}
                    role="combobox"
                    spellCheck="false"
                    type="text"
                    value=""
                  />
                  <div
                    className="MuiAutocomplete-endAdornment css-1q60rmi-MuiAutocomplete-endAdornment"
                  >
                    <button
                      aria-label="Clear"
                      className="MuiButtonBase-root MuiIconButton-root MuiIconButton-sizeMedium MuiAutocomplete-clearIndicator css-1glvl0p-MuiButtonBase-root-MuiIconButton-root-MuiAutocomplete-clearIndicator"
                      disabled={false}
                      onBlur={[Function]}
                      onClick={[Function]}
                      onContextMenu={[Function]}
                      onDragLeave={[Function]}
                      onFocus={[Function]}
                      onKeyDown={[Function]}
                      onKeyUp={[Function]}
                      onMouseDown={[Function]}
                      onMouseLeave={[Function]}
                      onMouseUp={[Function]}
                      onTouchEnd={[Function]}
                      onTouchMove={[Function]}
                      onTouchStart={[Function]}
                      tabIndex={-1}
                      title="Clear"
                      type="button"
                    >
                      <svg
                        aria-hidden={true}
                        className="MuiSvgIcon-root MuiSvgIcon-fontSizeSmall css-ptiqhd-MuiSvgIcon-root"
                        data-testid="CloseIcon"
                        focusable="false"
                        viewBox="0 0 24 24"
                      >
                        <path
                          d="M19 6.41L17.59 5 12 10.59 6.41 5 5 6.41 10.59 12 5 17.59 6.41 19 12 13.41 17.59 19 19 17.59 13.41 12z"
                        />
                      </svg>
                    </button>
                    <button
                      aria-label="Open"
                      className="MuiButtonBase-root MuiIconButton-root MuiIconButton-sizeMedium MuiAutocomplete-popupIndicator css-qzbt6i-MuiButtonBase-root-MuiIconButton-root-MuiAutocomplete-popupIndicator"
                      disabled={false}
                      onBlur={[Function]}
                      onClick={[Function]}
                      onContextMenu={[Function]}
                      onDragLeave={[Function]}
                      onFocus={[Function]}
                      onKeyDown={[Function]}
                      onKeyUp={[Function]}
                      onMouseDown={[Function]}
                      onMouseLeave={[Function]}
                      onMouseUp={[Function]}
                      onTouchEnd={[Function]}
                      onTouchMove={[Function]}
                      onTouchStart={[Function]}
                      tabIndex={-1}
                      title="Open"
                      type="button"
                    >
                      <svg
                        aria-hidden={true}
                        className="MuiSvgIcon-root MuiSvgIcon-fontSizeMedium css-i4bv87-MuiSvgIcon-root"
                        data-testid="ArrowDropDownIcon"
                        focusable="false"
                        viewBox="0 0 24 24"
                      >
                        <path
                          d="M7 10l5 5 5-5z"
                        />
                      </svg>
                    </button>
                  </div>
                  <fieldset
                    aria-hidden={true}
                    className="MuiOutlinedInput-notchedOutline css-1d3z3hw-MuiOutlinedInput-notchedOutline"
                  >
                    <legend
                      className="css-yjsfm1"
                    >
                      <span>
                        Choose Currency To Convert From
                      </span>
                    </legend>
                  </fieldset>
                </div>
              </div>
            </div>
          </div>
          <div
            className="MuiGrid-root MuiGrid-item css-13i4rnv-MuiGrid-root"
          >
            <div
              aria-owns={null}
              className="MuiAutocomplete-root MuiAutocomplete-hasClearIcon MuiAutocomplete-hasPopupIcon css-1h51icj-MuiAutocomplete-root"
              name="targetCurrency"
              onBlur={[Function]}
              onClick={[Function]}
              onKeyDown={[Function]}
              onMouseDown={[Function]}
            >
              <div
                className="MuiFormControl-root MuiFormControl-fullWidth MuiTextField-root css-1mnimye-MuiFormControl-root-MuiTextField-root"
              >
                <label
                  className="MuiFormLabel-root MuiInputLabel-root MuiInputLabel-formControl MuiInputLabel-animated MuiInputLabel-sizeMedium MuiInputLabel-outlined MuiFormLabel-colorPrimary MuiInputLabel-root MuiInputLabel-formControl MuiInputLabel-animated MuiInputLabel-sizeMedium MuiInputLabel-outlined css-14s5rfu-MuiFormLabel-root-MuiInputLabel-root"
                  data-shrink={false}
                  htmlFor=":r2:"
                  id=":r2:-label"
                >
                  Choose Currency To Convert To
                </label>
                <div
                  className="MuiInputBase-root MuiOutlinedInput-root MuiInputBase-colorPrimary MuiInputBase-fullWidth MuiInputBase-formControl MuiInputBase-adornedEnd MuiAutocomplete-inputRoot css-154xyx0-MuiInputBase-root-MuiOutlinedInput-root"
                  onClick={[Function]}
                >
                  <input
                    aria-activedescendant={null}
                    aria-autocomplete="list"
                    aria-expanded={false}
                    aria-invalid={false}
                    autoCapitalize="none"
                    autoComplete="off"
                    autoFocus={false}
                    className="MuiInputBase-input MuiOutlinedInput-input MuiInputBase-inputAdornedEnd MuiAutocomplete-input MuiAutocomplete-inputFocused css-nxo287-MuiInputBase-input-MuiOutlinedInput-input"
                    id=":r2:"
                    onAnimationStart={[Function]}
                    onBlur={[Function]}
                    onChange={[Function]}
                    onFocus={[Function]}
                    onMouseDown={[Function]}
                    readOnly={false}
                    required={false}
                    role="combobox"
                    spellCheck="false"
                    type="text"
                    value=""
                  />
                  <div
                    className="MuiAutocomplete-endAdornment css-1q60rmi-MuiAutocomplete-endAdornment"
                  >
                    <button
                      aria-label="Clear"
                      className="MuiButtonBase-root MuiIconButton-root MuiIconButton-sizeMedium MuiAutocomplete-clearIndicator css-1glvl0p-MuiButtonBase-root-MuiIconButton-root-MuiAutocomplete-clearIndicator"
                      disabled={false}
                      onBlur={[Function]}
                      onClick={[Function]}
                      onContextMenu={[Function]}
                      onDragLeave={[Function]}
                      onFocus={[Function]}
                      onKeyDown={[Function]}
                      onKeyUp={[Function]}
                      onMouseDown={[Function]}
                      onMouseLeave={[Function]}
                      onMouseUp={[Function]}
                      onTouchEnd={[Function]}
                      onTouchMove={[Function]}
                      onTouchStart={[Function]}
                      tabIndex={-1}
                      title="Clear"
                      type="button"
                    >
                      <svg
                        aria-hidden={true}
                        className="MuiSvgIcon-root MuiSvgIcon-fontSizeSmall css-ptiqhd-MuiSvgIcon-root"
                        data-testid="CloseIcon"
                        focusable="false"
                        viewBox="0 0 24 24"
                      >
                        <path
                          d="M19 6.41L17.59 5 12 10.59 6.41 5 5 6.41 10.59 12 5 17.59 6.41 19 12 13.41 17.59 19 19 17.59 13.41 12z"
                        />
                      </svg>
                    </button>
                    <button
                      aria-label="Open"
                      className="MuiButtonBase-root MuiIconButton-root MuiIconButton-sizeMedium MuiAutocomplete-popupIndicator css-qzbt6i-MuiButtonBase-root-MuiIconButton-root-MuiAutocomplete-popupIndicator"
                      disabled={false}
                      onBlur={[Function]}
                      onClick={[Function]}
                      onContextMenu={[Function]}
                      onDragLeave={[Function]}
                      onFocus={[Function]}
                      onKeyDown={[Function]}
                      onKeyUp={[Function]}
                      onMouseDown={[Function]}
                      onMouseLeave={[Function]}
                      onMouseUp={[Function]}
                      onTouchEnd={[Function]}
                      onTouchMove={[Function]}
                      onTouchStart={[Function]}
                      tabIndex={-1}
                      title="Open"
                      type="button"
                    >
                      <svg
                        aria-hidden={true}
                        className="MuiSvgIcon-root MuiSvgIcon-fontSizeMedium css-i4bv87-MuiSvgIcon-root"
                        data-testid="ArrowDropDownIcon"
                        focusable="false"
                        viewBox="0 0 24 24"
                      >
                        <path
                          d="M7 10l5 5 5-5z"
                        />
                      </svg>
                    </button>
                  </div>
                  <fieldset
                    aria-hidden={true}
                    className="MuiOutlinedInput-notchedOutline css-1d3z3hw-MuiOutlinedInput-notchedOutline"
                  >
                    <legend
                      className="css-yjsfm1"
                    >
                      <span>
                        Choose Currency To Convert To
                      </span>
                    </legend>
                  </fieldset>
                </div>
              </div>
            </div>
          </div>
        </div>
        <button
          className="MuiButtonBase-root MuiIconButton-root MuiIconButton-sizeMedium css-l401qg-MuiButtonBase-root-MuiIconButton-root"
          disabled={false}
          onBlur={[Function]}
          onContextMenu={[Function]}
          onDragLeave={[Function]}
          onFocus={[Function]}
          onKeyDown={[Function]}
          onKeyUp={[Function]}
          onMouseDown={[Function]}
          onMouseLeave={[Function]}
          onMouseUp={[Function]}
          onTouchEnd={[Function]}
          onTouchMove={[Function]}
          onTouchStart={[Function]}
          tabIndex={0}
          type="submit"
        >
          <svg
            aria-hidden={true}
            className="MuiSvgIcon-root MuiSvgIcon-fontSizeMedium css-1iq9u08-MuiSvgIcon-root"
            data-testid="CurrencyExchangeIcon"
            focusable="false"
            viewBox="0 0 24 24"
          >
            <path
              d="M12.89 11.1c-1.78-.59-2.64-.96-2.64-1.9 0-1.02 1.11-1.39 1.81-1.39 1.31 0 1.79.99 1.9 1.34l1.58-.67c-.15-.45-.82-1.92-2.54-2.24V5h-2v1.26c-2.48.56-2.49 2.86-2.49 2.96 0 2.27 2.25 2.91 3.35 3.31 1.58.56 2.28 1.07 2.28 2.03 0 1.13-1.05 1.61-1.98 1.61-1.82 0-2.34-1.87-2.4-2.09l-1.66.67c.63 2.19 2.28 2.78 2.9 2.96V19h2v-1.24c.4-.09 2.9-.59 2.9-3.22 0-1.39-.61-2.61-3.01-3.44M3 21H1v-6h6v2H4.52c1.61 2.41 4.36 4 7.48 4 4.97 0 9-4.03 9-9h2c0 6.08-4.92 11-11 11-3.72 0-7.01-1.85-9-4.67zm-2-9C1 5.92 5.92 1 12 1c3.72 0 7.01 1.85 9 4.67V3h2v6h-6V7h2.48C17.87 4.59 15.12 3 12 3c-4.97 0-9 4.03-9 9z"
            />
          </svg>
          <span
            className="MuiTypography-root MuiTypography-button css-xj5rr6-MuiTypography-root"
          >
            Convert
          </span>
        </button>
        <div
          className="MuiGrid-root MuiGrid-container css-17ifb59-MuiGrid-root"
        >
          <div
            className="MuiGrid-root MuiGrid-item css-v78lst-MuiGrid-root"
          >
            <div
              className="MuiInputBase-root MuiInput-root MuiInput-underline MuiInputBase-colorPrimary css-1egh1qi-MuiInputBase-root-MuiInput-root"
              onClick={[Function]}
            >
              <input
                className="MuiInputBase-input MuiInput-input css-1x51dt5-MuiInputBase-input-MuiInput-input"
                name="targetCurrencyAmount"
                onAnimationStart={[Function]}
                onBlur={[Function]}
                onChange={[Function]}
                onFocus={[Function]}
                placeholder="Result"
                type="number"
                value={0}
              />
            </div>
          </div>
        </div>
      </div>
    </form>
  </div>
</div>
`;
